// Jest Snapshot v1, https://goo.gl/fbAQLP

exports[`renders 1`] = `
.c1 {
  display: block;
  padding: 0.4rem 0.8rem 0.3rem 0.8rem;
  -webkit-transition: background-color 0.3s cubic-bezier(.4,0,.2,1),box-shadow 0.3s cubic-bezier(.4,0,.2,1),opacity 0.2s ease-in-out;
  transition: background-color 0.3s cubic-bezier(.4,0,.2,1),box-shadow 0.3s cubic-bezier(.4,0,.2,1),opacity 0.2s ease-in-out;
  font-family: "Rubik",-apple-system,BlinkMacSystemFont,"Segoe UI",sans-serif;
  font-weight: 400;
  -webkit-text-size-adjust: 100%;
  text-size-adjust: 100%;
  -webkit-font-smoothing: antialiased;
  border-radius: 6px;
  outline: 0;
  box-shadow: 0 3px 1px -2px rgba(0,0,0,.2),0 2px 2px 0 rgba(0,0,0,.14),0 1px 5px 0 rgba(0,0,0,.12);
}

.c1.flavour-strong {
  background-color: #2e3131;
  color: #ffffff;
}

.c1.flavour-strong:not([disabled]):hover {
  background-color: #3C4850;
}

.c1.flavour-strong:focus {
  background-color: #3C4850;
}

.c1.flavour-weak {
  background-color: #eff3f4;
  color: #2e3131;
}

.c1:not([disabled]):hover,
.c1:focus {
  box-shadow: 0 2px 4px -1px rgba(0,0,0,.2),0 4px 5px 0 rgba(0,0,0,.14),0 1px 10px 0 rgba(0,0,0,.12);
}

.c1[disabled] {
  opacity: 0.5;
  cursor: not-allowed;
}

.c1 > img {
  display: block;
  width: 2rem;
  height: 2rem;
  margin: 0 auto 0 auto;
}

.c1 > span {
  display: block;
  height: 1.5rem;
  line-height: 1.5rem;
}

.c1 > img + span {
  margin-top: 0.5rem;
}

.c2 .component--list {
  margin-left: 1.5rem;
}

.c2 .component--list .component--list-item:first-of-type {
  margin-top: 0.25rem;
}

.c2 .component--list + .component--list-item {
  margin-top: 0.25rem;
}

.c2 .component--list-item + .component--list-item {
  margin-top: 0.25rem;
}

.c2 .empty-text {
  padding-top: 2rem;
  padding-bottom: 2rem;
  font-family: -apple-system,BlinkMacSystemFont,"Segoe UI",sans-serif;
  font-weight: 400;
  -webkit-text-size-adjust: 100%;
  text-size-adjust: 100%;
  -webkit-font-smoothing: antialiased;
  text-align: center;
  color: #2e3131;
  opacity: 0.5;
}

.c0 .component--button {
  width: 100%;
  opacity: 0.5;
}

.c0 .component--button + .component--list {
  margin-top: 0.5rem;
}

.c3 {
  position: relative;
  display: block;
  width: calc(100% - 4px);
  height: 2rem;
  list-style-type: none;
  border-width: 2px;
  border-style: solid;
  border-color: transparent;
  border-radius: 4px;
  background-color: transparent;
  -webkit-transition: border-color 0.2s ease-in-out;
  transition: border-color 0.2s ease-in-out;
  outline: 0;
  cursor: default;
}

.c3.selected {
  background-color: #dadfe1;
}

.c3:focus {
  border-color: #a537fd;
}

.c3 > img {
  display: block;
  float: left;
  width: 1.5rem;
  height: 1.5rem;
  margin-top: 0.3rem;
  margin-bottom: 0.3rem;
  margin-left: 0.3rem;
}

.c3 > span {
  display: block;
  float: left;
  height: 1.5rem;
  line-height: 1.5rem;
  margin-top: 0.3rem;
  margin-bottom: 0.3rem;
  margin-left: 0.5rem;
  font-family: -apple-system,BlinkMacSystemFont,"Segoe UI",sans-serif;
  font-weight: 400;
  -webkit-text-size-adjust: 100%;
  text-size-adjust: 100%;
  -webkit-font-smoothing: antialiased;
  color: #2e3131;
}

.c3:hover > .actions {
  visibility: visible;
  opacity: 1;
}

.c3 > .actions {
  position: absolute;
  top: 0;
  right: 0;
  height: 2rem;
  -webkit-transition: opacity 0.1s ease-in-out;
  transition: opacity 0.1s ease-in-out;
  visibility: hidden;
  opacity: 0;
}

.c3 > .actions img {
  display: block;
  float: left;
  width: 1.5rem;
  height: 1.5rem;
  margin-top: 0.25rem;
  margin-left: 0.25rem;
  opacity: 0.5;
  border-radius: 4px;
  -webkit-transition: opacity 0.1s ease-in-out,background-color 0.1s ease-in-out;
  transition: opacity 0.1s ease-in-out,background-color 0.1s ease-in-out;
  outline: 0;
}

.c3 > .actions img:focus {
  opacity: 1;
  background-color: #a537fd;
}

.c3 > .actions img:hover {
  opacity: 1;
}

.c3 > .tags {
  position: absolute;
  top: 0;
  right: 0;
  height: 2rem;
}

.c3 > .tags span {
  display: block;
  float: left;
  height: 1.5rem;
  line-height: 1.5rem;
  margin-top: 0.25rem;
  padding-left: 0.5rem;
  padding-right: 0.5rem;
  border-radius: 5000px;
  font-family: -apple-system,BlinkMacSystemFont,"Segoe UI",sans-serif;
  font-weight: 400;
  -webkit-text-size-adjust: 100%;
  text-size-adjust: 100%;
  -webkit-font-smoothing: antialiased;
  font-weight: 800;
  font-size: 70%;
  text-transform: uppercase;
  color: white;
}

.c3 > .tags span + span {
  margin-left: 0.5rem;
}

<ul
  className="component--list c0"
>
  <button
    className="component--button flavour-weak c1"
    disabled={false}
    onClick={[Function]}
    title=""
  >
    <span>
      Hide
       
      stuff
    </span>
  </button>
  <ul
    className="component--list c2"
  >
    <li
      className="component--list-item c3"
      onClick={[Function]}
      onKeyPress={[Function]}
      onTouchEnd={[Function]}
      tabIndex="0"
    >
      <img
        alt=""
        src=""
        style={
          Object {
            "marginLeft": "4px",
          }
        }
      />
      <span>
        List Item 1
      </span>
      <div
        className="actions"
      />
      <div
        className="tags"
      />
    </li>
    <li
      className="component--list-item c3"
      onClick={[Function]}
      onKeyPress={[Function]}
      onTouchEnd={[Function]}
      tabIndex="0"
    >
      <img
        alt=""
        src=""
        style={
          Object {
            "marginLeft": "4px",
          }
        }
      />
      <span>
        List Item 2
      </span>
      <div
        className="actions"
      />
      <div
        className="tags"
      />
    </li>
  </ul>
</ul>
`;
