// Jest Snapshot v1, https://goo.gl/fbAQLP

exports[`renders 1`] = `
.c0 {
  font-family: "Rubik",-apple-system,BlinkMacSystemFont,"Segoe UI",sans-serif;
  font-weight: 400;
  -webkit-text-size-adjust: 100%;
  text-size-adjust: 100%;
  -webkit-font-smoothing: antialiased;
  font-size: 120%;
  color: #2e3131;
}

<h2
  className="component--heading2 c0"
>
  Hello, World
</h2>
`;
