// Jest Snapshot v1, https://goo.gl/fbAQLP

exports[`renders 1`] = `
.c0 .component--list {
  margin-left: 1.5rem;
}

.c0 .component--list .component--list-item:first-of-type {
  margin-top: 0.25rem;
}

.c0 .component--list + .component--list-item {
  margin-top: 1rem;
}

.c0 .component--list-item + .component--list-item {
  margin-top: 0.25rem;
}

<ul
  className="component--list c0"
>
  ...
</ul>
`;
