// Jest Snapshot v1, https://goo.gl/fbAQLP

exports[`renders 1`] = `
.c0 label {
  display: block;
  width: 100%;
  font-family: -apple-system,BlinkMacSystemFont,"Segoe UI",sans-serif;
  font-weight: 400;
  -webkit-text-size-adjust: 100%;
  text-size-adjust: 100%;
  -webkit-font-smoothing: antialiased;
  font-size: 80%;
  color: #6c7a89;
}

.c0 select {
  display: block;
  height: 2rem;
  padding: 0.35rem;
  width: 100%;
  -webkit-transition: border-color 0.2s ease-in-out,opacity 0.2s ease-in-out;
  transition: border-color 0.2s ease-in-out,opacity 0.2s ease-in-out;
  font-family: -apple-system,BlinkMacSystemFont,"Segoe UI",sans-serif;
  font-weight: 400;
  -webkit-text-size-adjust: 100%;
  text-size-adjust: 100%;
  -webkit-font-smoothing: antialiased;
  background-color: #dadfe1;
  color: #2e3131;
  border-radius: 4px;
  border-width: 2px;
  border-style: solid;
  border-color: #dadfe1;
  outline: 0;
  background-image: url(data:image/svg+xml;base64,PHN2ZyBpZD0iTGF5ZXJfMSIgZGF0YS1uYW1lPSJMYXllciAxIiB4bWxucz0iaHR0cDovL3d3dy53My5vcmcvMjAwMC9zdmciIHZpZXdCb3g9IjAgMCA0Ljk1IDEwIj48ZGVmcz48c3R5bGU+LmNscy0ye2ZpbGw6IzQ0NDt9PC9zdHlsZT48L2RlZnM+PHRpdGxlPmFycm93czwvdGl0bGU+PHBvbHlnb24gY2xhc3M9ImNscy0yIiBwb2ludHM9IjEuNDEgNC42NyAyLjQ4IDMuMTggMy41NCA0LjY3IDEuNDEgNC42NyIvPjxwb2x5Z29uIGNsYXNzPSJjbHMtMiIgcG9pbnRzPSIzLjU0IDUuMzMgMi40OCA2LjgyIDEuNDEgNS4zMyAzLjU0IDUuMzMiLz48L3N2Zz4=);
  background-repeat: no-repeat;
  background-position: top right;
  background-size: 10% 100%;
  -webkit-appearance: none;
}

.c0 select[disabled] {
  opacity: 0.5;
}

.c0 select:focus {
  border-color: #38EF7D;
}

.c0 label + select {
  margin-top: 0.5rem;
}

<div
  className="component--dropper c0"
>
  <select
    id="component--dropper-id"
    onChange={[Function]}
    required={false}
    value="none"
  >
    <option
      value="option-1"
    >
      Option 1
    </option>
    <option
      value="option-2"
    >
      Option 2
    </option>
    <option
      value="option-3"
    >
      Option 3
    </option>
  </select>
</div>
`;
