// Jest Snapshot v1, https://goo.gl/fbAQLP

exports[`renders 1`] = `
.c0 {
  display: block;
  padding: 0.7rem;
  -webkit-transition: background-color 0.2s ease-in-out,border-color 0.2s ease-in-out,opacity 0.2s ease-in-out;
  transition: background-color 0.2s ease-in-out,border-color 0.2s ease-in-out,opacity 0.2s ease-in-out;
  font-family: -apple-system,BlinkMacSystemFont,"Segoe UI",sans-serif;
  font-weight: 400;
  -webkit-text-size-adjust: 100%;
  text-size-adjust: 100%;
  -webkit-font-smoothing: antialiased;
  background-color: #2e3131;
  color: #ffffff;
  border-radius: 4px;
  border-width: 2px;
  border-style: solid;
  border-color: #2e3131;
  outline: 0;
}

.c0[disabled] {
  opacity: 0.5;
}

.c0:focus {
  border-color: #38EF7D;
}

.c0:not([disabled]):hover {
  background-color: #6c7a89;
  border-color: #6c7a89;
}

<button
  className="component--button c0"
  disabled={false}
  onClick={[Function]}
  title="Do Something"
>
  Do Something
</button>
`;
