// Jest Snapshot v1, https://goo.gl/fbAQLP

exports[`renders 1`] = `
.c0 label {
  display: block;
  width: 100%;
  font-family: -apple-system,BlinkMacSystemFont,"Segoe UI",sans-serif;
  font-weight: 400;
  -webkit-text-size-adjust: 100%;
  text-size-adjust: 100%;
  -webkit-font-smoothing: antialiased;
  font-size: 80%;
  color: #bdc3c7;
}

.c0 select {
  display: block;
  margin-top: 0.5rem;
  -webkit-transition: border-color 0.2s ease-in-out,opacity 0.2s ease-in-out;
  transition: border-color 0.2s ease-in-out,opacity 0.2s ease-in-out;
  font-family: -apple-system,BlinkMacSystemFont,"Segoe UI",sans-serif;
  font-weight: 400;
  -webkit-text-size-adjust: 100%;
  text-size-adjust: 100%;
  -webkit-font-smoothing: antialiased;
  background-color: #dadfe1;
  color: #2e3131;
  border-radius: 4px;
  border-width: 2px;
  border-style: solid;
  border-color: #dadfe1;
  outline: 0;
}

.c0 select[disabled] {
  opacity: 0.5;
}

.c0 select:focus {
  border-color: #38EF7D;
}

<div
  className="component--dropper c0"
>
  <select
    id="component--dropper-id"
    onChange={[Function]}
    required={false}
    value="none"
  >
    <option
      value="option-1"
    >
      Option 1
    </option>
    <option
      value="option-2"
    >
      Option 2
    </option>
    <option
      value="option-3"
    >
      Option 3
    </option>
  </select>
</div>
`;
