// Jest Snapshot v1, https://goo.gl/fbAQLP

exports[`renders 1`] = `
.c0 {
  z-index: 1;
  position: absolute;
  top: 0;
  left: 0;
  width: 100%;
  height: 100%;
  background-color: rgba(0,0,0,0.8);
}

.c0 section {
  margin: 0 auto 1rem auto;
  padding: 1rem;
  max-width: 480px;
  border-bottom-left-radius: 4px;
  border-bottom-right-radius: 4px;
  background-color: #ecf0f1;
}

<div
  className="component--modal c0"
>
  <section>
    Hello, World.
  </section>
</div>
`;
