// Jest Snapshot v1, https://goo.gl/fbAQLP

exports[`renders 1`] = `
.c0 {
  position: relative;
  display: block;
  width: 100%;
  height: calc(2rem + 4px);
  list-style-type: none;
  border-width: 2px;
  border-style: solid;
  border-color: transparent;
  border-radius: 4px;
  background-color: transparent;
  -webkit-transition: border-color 0.2s ease-in-out;
  transition: border-color 0.2s ease-in-out;
  outline: 0;
}

.c0.selected {
  background-color: #dadfe1;
}

.c0:focus {
  border-color: #38EF7D;
}

.c0 > img {
  display: block;
  float: left;
  width: 1.5rem;
  height: 1.5rem;
  margin-top: 0.25rem;
  margin-left: 0.25rem;
}

.c0 > span {
  display: block;
  float: left;
  height: 2rem;
  line-height: 2rem;
  margin-left: 0.5rem;
  font-family: -apple-system,BlinkMacSystemFont,"Segoe UI",sans-serif;
  font-weight: 400;
  -webkit-text-size-adjust: 100%;
  text-size-adjust: 100%;
  -webkit-font-smoothing: antialiased;
  color: #2e3131;
}

.c0:hover > .actions {
  visibility: visible;
  opacity: 1;
}

.c0 > .actions {
  position: absolute;
  top: 0;
  right: 0;
  height: 2rem;
  -webkit-transition: opacity 0.1s ease-in-out;
  transition: opacity 0.1s ease-in-out;
  visibility: hidden;
  opacity: 0;
}

.c0 > .actions img {
  display: block;
  float: left;
  width: 1.5rem;
  height: 1.5rem;
  margin-top: 0.25rem;
  margin-left: 0.25rem;
  opacity: 0.5;
  border-radius: 4px;
  -webkit-transition: opacity 0.1s ease-in-out,background-color 0.1s ease-in-out;
  transition: opacity 0.1s ease-in-out,background-color 0.1s ease-in-out;
  outline: 0;
}

.c0 > .actions img:focus {
  opacity: 1;
  background-color: #38EF7D;
}

.c0 > .actions img:hover {
  opacity: 1;
}

<button
  className="component--list-item c0"
  onClick={[Function]}
  style={Object {}}
>
  <img
    alt=""
    src=""
  />
  <span>
    List Item 1
  </span>
  <div
    className="actions"
  />
</button>
`;
