// Jest Snapshot v1, https://goo.gl/fbAQLP

exports[`<Banner /> should render component 1`] = `
ShallowWrapper {
  Symbol(enzyme.__root__): [Circular],
  Symbol(enzyme.__unrendered__): <Banner>
    Hi.
  </Banner>,
  Symbol(enzyme.__renderer__): Object {
    "batchedUpdates": [Function],
    "getNode": [Function],
    "render": [Function],
    "simulateError": [Function],
    "simulateEvent": [Function],
    "unmount": [Function],
  },
  Symbol(enzyme.__node__): Object {
    "instance": null,
    "key": undefined,
    "nodeType": "function",
    "props": Object {
      "children": <p>
        Hi.
      </p>,
      "className": "component--banner",
    },
    "ref": null,
    "rendered": Object {
      "instance": null,
      "key": undefined,
      "nodeType": "host",
      "props": Object {
        "children": "Hi.",
      },
      "ref": null,
      "rendered": "Hi.",
      "type": "p",
    },
    "type": Object {
      "$$typeof": Symbol(react.forward_ref),
      "attrs": Array [],
      "componentStyle": ComponentStyle {
        "componentId": "sc-bdVaJa",
        "isStatic": true,
        "rules": Array [
          "
  padding: 1rem;
  background-color: #ffec8b;
  border-radius: 4px;
  box-shadow: 0 2px 10px rgb(212, 212, 212);
  p {
    ",
          "
  font-family: -apple-system, BlinkMacSystemFont, \\"Segoe UI\\", sans-serif;
  font-weight: 400;
  text-size-adjust: 100%;
  -webkit-font-smoothing: antialiased;
",
          "
    font-size: 80%;
    line-height: 1.5;
    color: ",
          "#2e3131",
          ";
    a {
      color: inherit;
    }
  }
  ",
        ],
      },
      "displayName": "styled.div",
      "render": [Function],
      "styledComponentId": "sc-bdVaJa",
      "target": "div",
      "toString": [Function],
      "warnTooManyClasses": [Function],
      "withComponent": [Function],
    },
  },
  Symbol(enzyme.__nodes__): Array [
    Object {
      "instance": null,
      "key": undefined,
      "nodeType": "function",
      "props": Object {
        "children": <p>
          Hi.
        </p>,
        "className": "component--banner",
      },
      "ref": null,
      "rendered": Object {
        "instance": null,
        "key": undefined,
        "nodeType": "host",
        "props": Object {
          "children": "Hi.",
        },
        "ref": null,
        "rendered": "Hi.",
        "type": "p",
      },
      "type": Object {
        "$$typeof": Symbol(react.forward_ref),
        "attrs": Array [],
        "componentStyle": ComponentStyle {
          "componentId": "sc-bdVaJa",
          "isStatic": true,
          "rules": Array [
            "
  padding: 1rem;
  background-color: #ffec8b;
  border-radius: 4px;
  box-shadow: 0 2px 10px rgb(212, 212, 212);
  p {
    ",
            "
  font-family: -apple-system, BlinkMacSystemFont, \\"Segoe UI\\", sans-serif;
  font-weight: 400;
  text-size-adjust: 100%;
  -webkit-font-smoothing: antialiased;
",
            "
    font-size: 80%;
    line-height: 1.5;
    color: ",
            "#2e3131",
            ";
    a {
      color: inherit;
    }
  }
  ",
          ],
        },
        "displayName": "styled.div",
        "render": [Function],
        "styledComponentId": "sc-bdVaJa",
        "target": "div",
        "toString": [Function],
        "warnTooManyClasses": [Function],
        "withComponent": [Function],
      },
    },
  ],
  Symbol(enzyme.__options__): Object {
    "adapter": ReactSixteenAdapter {
      "options": Object {
        "enableComponentDidUpdateOnSetState": true,
        "lifecycles": Object {
          "componentDidUpdate": Object {
            "onSetState": true,
          },
          "getDerivedStateFromProps": true,
          "getSnapshotBeforeUpdate": true,
          "setState": Object {
            "skipsComponentDidUpdateOnNullish": true,
          },
        },
      },
    },
  },
}
`;
