// Jest Snapshot v1, https://goo.gl/fbAQLP

exports[`renders 1`] = `
.c0 {
  display: block;
  padding: 0.4rem 0.8rem 0.3rem 0.8rem;
  -webkit-transition: background-color 0.3s cubic-bezier(.4,0,.2,1),box-shadow 0.3s cubic-bezier(.4,0,.2,1),opacity 0.2s ease-in-out;
  transition: background-color 0.3s cubic-bezier(.4,0,.2,1),box-shadow 0.3s cubic-bezier(.4,0,.2,1),opacity 0.2s ease-in-out;
  font-family: "Rubik",-apple-system,BlinkMacSystemFont,"Segoe UI",sans-serif;
  font-weight: 400;
  -webkit-text-size-adjust: 100%;
  text-size-adjust: 100%;
  -webkit-font-smoothing: antialiased;
  border-radius: 6px;
  outline: 0;
  box-shadow: 0 3px 1px -2px rgba(0,0,0,.2),0 2px 2px 0 rgba(0,0,0,.14),0 1px 5px 0 rgba(0,0,0,.12);
}

.c0.flavour-strong {
  background-color: #2e3131;
  color: #ffffff;
}

.c0.flavour-strong:not([disabled]):hover {
  background-color: #3C4850;
}

.c0.flavour-strong:focus {
  background-color: #3C4850;
}

.c0.flavour-weak {
  background-color: #eff3f4;
  color: #2e3131;
}

.c0:not([disabled]):hover,
.c0:focus {
  box-shadow: 0 2px 4px -1px rgba(0,0,0,.2),0 4px 5px 0 rgba(0,0,0,.14),0 1px 10px 0 rgba(0,0,0,.12);
}

.c0[disabled] {
  opacity: 0.5;
  cursor: not-allowed;
}

.c0 > img {
  display: block;
  width: 2rem;
  height: 2rem;
  margin: 0 auto 0 auto;
}

.c0 > span {
  display: block;
  height: 1.5rem;
  line-height: 1.5rem;
}

.c0 > img + span {
  margin-top: 0.5rem;
}

<button
  className="component--button flavour-strong c0"
  disabled={false}
  onClick={[Function]}
  title="Do Something"
>
  <span>
    Do Something
  </span>
</button>
`;
