// Jest Snapshot v1, https://goo.gl/fbAQLP

exports[`renders 1`] = `
.c1 {
  display: block;
  padding: 0.7rem;
  -webkit-transition: background-color 0.2s ease-in-out,border-color 0.2s ease-in-out,opacity 0.2s ease-in-out;
  transition: background-color 0.2s ease-in-out,border-color 0.2s ease-in-out,opacity 0.2s ease-in-out;
  font-family: -apple-system,BlinkMacSystemFont,"Segoe UI",sans-serif;
  font-weight: 400;
  -webkit-text-size-adjust: 100%;
  text-size-adjust: 100%;
  -webkit-font-smoothing: antialiased;
  background-color: #2e3131;
  color: #ffffff;
  border-radius: 4px;
  border-width: 2px;
  border-style: solid;
  border-color: #2e3131;
  outline: 0;
}

.c1[disabled] {
  opacity: 0.5;
}

.c1:focus {
  border-color: #38EF7D;
}

.c1:not([disabled]):hover {
  background-color: #6c7a89;
  border-color: #6c7a89;
}

.c1 > img {
  display: block;
  width: 2rem;
  height: 2rem;
  margin: 0 auto 0 auto;
}

.c1 > span {
  display: block;
  height: 1.5rem;
  line-height: 1.5rem;
}

.c1 > img + span {
  margin-top: 0.5rem;
}

.c0 .component--button {
  display: inline-block;
  width: 4rem;
}

.c0 .component--button:not(:last-of-type) {
  margin-right: 0.5rem;
}

<div
  className="component--audio-player c0"
>
  <button
    className="component--button c1"
    disabled={false}
    onClick={[Function]}
    title=""
  >
    <img
      alt=""
      src="resource-sound-play.svg"
    />
  </button>
</div>
`;
