// Jest Snapshot v1, https://goo.gl/fbAQLP

exports[`renders 1`] = `
.c0 {
  display: block;
  padding: 0.4rem 0.8rem 0.4rem 0.8rem;
  -webkit-transition: background-color 0.2s ease-in-out,border-color 0.2s ease-in-out,opacity 0.2s ease-in-out;
  transition: background-color 0.2s ease-in-out,border-color 0.2s ease-in-out,opacity 0.2s ease-in-out;
  font-family: -apple-system,BlinkMacSystemFont,"Segoe UI",sans-serif;
  font-weight: 400;
  -webkit-text-size-adjust: 100%;
  text-size-adjust: 100%;
  -webkit-font-smoothing: antialiased;
  border-radius: 4px;
  border-width: 2px;
  border-style: solid;
  outline: 0;
}

.c0.flavour-strong {
  background-color: #2e3131;
  color: #ffffff;
  border-color: #2e3131;
}

.c0.flavour-strong:not([disabled]):hover {
  background-color: #6c7a89;
  border-color: #6c7a89;
}

.c0.flavour-weak {
  background-color: transparent;
  color: #2e3131;
  border-color: transparent;
}

.c0[disabled] {
  opacity: 0.5;
}

.c0:focus {
  border-color: #38EF7D;
}

.c0 > img {
  display: block;
  width: 2rem;
  height: 2rem;
  margin: 0 auto 0 auto;
}

.c0 > span {
  display: block;
  height: 1.5rem;
  line-height: 1.5rem;
}

.c0 > img + span {
  margin-top: 0.5rem;
}

<button
  className="component--button flavour-strong c0"
  disabled={false}
  onClick={[Function]}
  title="Do Something"
>
  <span>
    Do Something
  </span>
</button>
`;
