// Jest Snapshot v1, https://goo.gl/fbAQLP

exports[`renders 1`] = `
.c1 label {
  display: block;
  width: 100%;
  font-family: -apple-system,BlinkMacSystemFont,"Segoe UI",sans-serif;
  font-weight: 400;
  -webkit-text-size-adjust: 100%;
  text-size-adjust: 100%;
  -webkit-font-smoothing: antialiased;
  font-size: 80%;
  color: #6c7a89;
}

.c1 label[aria-disabled="true"] {
  opacity: 0.5;
}

.c1 input {
  display: block;
  width: 100%;
  padding: 0.5rem 0 0.5rem 0;
  -webkit-appearance: none;
  -moz-appearance: none;
  appearance: none;
  outline: 0;
  border: 0;
  border-radius: 0;
  border-bottom: 2px solid #dadfe1;
  background-color: transparent;
  -webkit-letter-spacing: 0;
  -moz-letter-spacing: 0;
  -ms-letter-spacing: 0;
  letter-spacing: 0;
  -webkit-transition: border-color 0.2s ease-in-out;
  transition: border-color 0.2s ease-in-out;
  font-family: -apple-system,BlinkMacSystemFont,"Segoe UI",sans-serif;
  font-weight: 400;
  -webkit-text-size-adjust: 100%;
  text-size-adjust: 100%;
  -webkit-font-smoothing: antialiased;
  color: #2e3131;
  -webkit-appearance: none;
}

.c1 input:focus {
  border-color: #bdc3c7;
}

.c1 input::selection {
  background-color: #dadfe1;
}

.c1 input[disabled] {
  opacity: 0.5;
}

.c1 input::-webkit-input-placeholder {
  color: #bdc3c7;
}

input.c1::-moz-placeholder {
  color: #bdc3c7;
}

.c1 input:-moz-placeholder {
  color: #bdc3c7;
}

.c1 input:-ms-input-placeholder {
  color: #bdc3c7;
}

.c2 .component--list {
  margin-left: 1.5rem;
}

.c2 .component--list .component--list-item:first-of-type {
  margin-top: 0.25rem;
}

.c2 .component--list + .component--list-item {
  margin-top: 0.25rem;
}

.c2 .component--list-item + .component--list-item {
  margin-top: 0.25rem;
}

.c2 .empty-text {
  padding-top: 2rem;
  padding-bottom: 2rem;
  font-family: -apple-system,BlinkMacSystemFont,"Segoe UI",sans-serif;
  font-weight: 400;
  -webkit-text-size-adjust: 100%;
  text-size-adjust: 100%;
  -webkit-font-smoothing: antialiased;
  text-align: center;
  color: #2e3131;
  opacity: 0.5;
}

.c0 .component--input + .component--list {
  margin-top: 0.5rem;
}

.c3 {
  position: relative;
  display: block;
  width: 100%;
  height: 2rem;
  list-style-type: none;
  border-width: 2px;
  border-style: solid;
  border-color: transparent;
  border-radius: 4px;
  background-color: transparent;
  -webkit-transition: border-color 0.2s ease-in-out;
  transition: border-color 0.2s ease-in-out;
  outline: 0;
  cursor: default;
}

.c3.selected {
  background-color: #dadfe1;
}

.c3:focus {
  border-color: #38EF7D;
}

.c3 > img {
  display: block;
  float: left;
  width: 1.5rem;
  height: 1.5rem;
  margin-top: 0.3rem;
  margin-bottom: 0.3rem;
  margin-left: 0.3rem;
}

.c3 > span {
  display: block;
  float: left;
  height: 1.5rem;
  line-height: 1.5rem;
  margin-top: 0.3rem;
  margin-bottom: 0.3rem;
  margin-left: 0.5rem;
  font-family: -apple-system,BlinkMacSystemFont,"Segoe UI",sans-serif;
  font-weight: 400;
  -webkit-text-size-adjust: 100%;
  text-size-adjust: 100%;
  -webkit-font-smoothing: antialiased;
  color: #2e3131;
}

.c3:hover > .actions {
  visibility: visible;
  opacity: 1;
}

.c3 > .actions {
  position: absolute;
  top: 0;
  right: 0;
  height: 2rem;
  -webkit-transition: opacity 0.1s ease-in-out;
  transition: opacity 0.1s ease-in-out;
  visibility: hidden;
  opacity: 0;
}

.c3 > .actions img {
  display: block;
  float: left;
  width: 1.5rem;
  height: 1.5rem;
  margin-top: 0.25rem;
  margin-left: 0.25rem;
  opacity: 0.5;
  border-radius: 4px;
  -webkit-transition: opacity 0.1s ease-in-out,background-color 0.1s ease-in-out;
  transition: opacity 0.1s ease-in-out,background-color 0.1s ease-in-out;
  outline: 0;
}

.c3 > .actions img:focus {
  opacity: 1;
  background-color: #38EF7D;
}

.c3 > .actions img:hover {
  opacity: 1;
}

<ul
  className="component--list c0"
>
  <div
    className="component--input c1"
  >
    <input
      disabled={false}
      id="component-Input-e394c125-ba91-4ce6-b05e-7abc99bcd4b0"
      onChange={[Function]}
      onKeyDown={[Function]}
      placeholder="Filter..."
      required={false}
      type="text"
      value=""
    />
  </div>
  <ul
    className="component--list c2"
  >
    <li
      className="component--list-item c3"
      onClick={[Function]}
      onKeyPress={[Function]}
      onTouchEnd={[Function]}
      tabIndex="0"
    >
      <img
        alt=""
        src=""
        style={
          Object {
            "marginLeft": "4px",
          }
        }
      />
      <span>
        List Item 1
      </span>
      <div
        className="actions"
      />
    </li>
    <li
      className="component--list-item c3"
      onClick={[Function]}
      onKeyPress={[Function]}
      onTouchEnd={[Function]}
      tabIndex="0"
    >
      <img
        alt=""
        src=""
        style={
          Object {
            "marginLeft": "4px",
          }
        }
      />
      <span>
        List Item 2
      </span>
      <div
        className="actions"
      />
    </li>
  </ul>
</ul>
`;
