// Jest Snapshot v1, https://goo.gl/fbAQLP

exports[`renders 1`] = `
.c0 > img {
  display: block;
  max-width: calc(100% - 1rem);
  max-height: calc(100% - 1rem);
}

.c0 > p {
  width: 100%;
  font-family: -apple-system,BlinkMacSystemFont,"Segoe UI",sans-serif;
  font-weight: 400;
  -webkit-text-size-adjust: 100%;
  text-size-adjust: 100%;
  -webkit-font-smoothing: antialiased;
  color: #2e3131;
  opacity: 0.5;
  position: absolute;
  top: 50%;
  text-align: center;
  -webkit-transform: translate(0,-50%);
  -ms-transform: translate(0,-50%);
  transform: translate(0,-50%);
  cursor: default;
}

.c0 > img {
  position: absolute;
  top: 50%;
  left: 50%;
  -webkit-transform: translate(-50%,-50%);
  -ms-transform: translate(-50%,-50%);
  transform: translate(-50%,-50%);
}

<div
  className="component--image c0"
>
  <p>
    No image.
  </p>
</div>
`;
