// Jest Snapshot v1, https://goo.gl/fbAQLP

exports[`works 1`] = `
"
    <!DOCTYPE html>
    <html>
      <head>
        <title>New Project</title>
        <script src=\\"https://gamemaker.club/static/platforms/html5/lib.js\\" async>
        <script>
          window.addEventListener('load', function () {
            const game = new window.GMC()
            game.setResources([{\\"id\\":\\"jest-hack-Bird Space\\",\\"projectId\\":null,\\"createdAt\\":0,\\"type\\":\\"space\\",\\"name\\":\\"Bird Space\\",\\"width\\":640,\\"height\\":480,\\"camera\\":{\\"width\\":640,\\"height\\":480,\\"x\\":0,\\"y\\":0}}])

            const canvasElement = document.querySelector('gmc-game')
            game.start(canvasElement)
          })
        </script>
      </head>
      <body>
        <canvas id=\\"gmc-game\\">Your browser doesn&rsquo;t support the &lt;canvas&gt; element.</canvas>
      </body>
    </html>
  "
`;
